// Jest Snapshot v1, https://goo.gl/fbAQLP

exports[`404 page should render correctly Should match snapshot 1`] = `
<div
  className="MuiPaper-root makeStyles-paper-1 MuiPaper-elevation1"
>
  <h1
    className="MuiTypography-root makeStyles-text-2 MuiTypography-h1"
  >
    404 Not found
  </h1>
</div>
`;
