// Jest Snapshot v1, https://goo.gl/fbAQLP

exports[`MangaAliases renders correctly Should render correctly with aliases 1`] = `
<div
  className="makeStyles-root-1"
  id="manga-aliases"
>
  <p
    className="MuiTypography-root MuiTypography-body1"
  >
    Alternative titles
  </p>
  <ul
    className="MuiList-root makeStyles-list-2 MuiList-padding"
  >
    <li
      className="MuiListItem-root MuiListItem-dense MuiListItem-gutters"
      disabled={false}
    >
      <div
        className="MuiListItemText-root makeStyles-listItem-3 MuiListItemText-dense"
      >
        <span
          className="MuiTypography-root MuiListItemText-primary MuiTypography-body2 MuiTypography-displayBlock"
        >
          a
        </span>
      </div>
    </li>
    <li
      className="MuiListItem-root MuiListItem-dense MuiListItem-gutters"
      disabled={false}
    >
      <div
        className="MuiListItemText-root makeStyles-listItem-3 MuiListItemText-dense"
      >
        <span
          className="MuiTypography-root MuiListItemText-primary MuiTypography-body2 MuiTypography-displayBlock"
        >
          b
        </span>
      </div>
    </li>
    <li
      className="MuiListItem-root MuiListItem-dense MuiListItem-gutters"
      disabled={false}
    >
      <div
        className="MuiListItemText-root makeStyles-listItem-3 MuiListItemText-dense"
      >
        <span
          className="MuiTypography-root MuiListItemText-primary MuiTypography-body2 MuiTypography-displayBlock"
        >
          c
        </span>
      </div>
    </li>
  </ul>
</div>
`;

exports[`MangaAliases renders correctly Should render correctly with editing allowed 1`] = `
<div
  className="makeStyles-root-1"
  id="manga-aliases"
>
  <p
    className="MuiTypography-root MuiTypography-body1"
  >
    Alternative titles
  </p>
  <ul
    className="MuiList-root makeStyles-list-2 MuiList-padding"
  >
    <li
      className="MuiListItem-root MuiListItem-dense MuiListItem-gutters"
      disabled={false}
    >
      <div
        className="MuiListItemText-root makeStyles-listItem-3 MuiListItemText-dense"
      >
        <span
          className="MuiTypography-root MuiListItemText-primary MuiTypography-body2 MuiTypography-displayBlock"
        >
          a
        </span>
      </div>
    </li>
    <li
      className="MuiListItem-root MuiListItem-dense MuiListItem-gutters"
      disabled={false}
    >
      <div
        className="MuiListItemText-root makeStyles-listItem-3 MuiListItemText-dense"
      >
        <span
          className="MuiTypography-root MuiListItemText-primary MuiTypography-body2 MuiTypography-displayBlock"
        >
          b
        </span>
      </div>
    </li>
    <li
      className="MuiListItem-root MuiListItem-dense MuiListItem-gutters"
      disabled={false}
    >
      <div
        className="MuiListItemText-root makeStyles-listItem-3 MuiListItemText-dense"
      >
        <span
          className="MuiTypography-root MuiListItemText-primary MuiTypography-body2 MuiTypography-displayBlock"
        >
          c
        </span>
      </div>
    </li>
  </ul>
</div>
`;

exports[`MangaAliases renders correctly Should render correctly without aliases 1`] = `null`;

exports[`MangaAliases renders correctly Should render correctly without aliases 2`] = `null`;
